└─Program hello
  ├─Declaration var
  │ ├─a
  │ │ └─integer
  │ ├─b
  │ │ └─integer
  │ └─ptr
  │   └─^
  │     └─integer
  └─Block begin
    ├─a
    │ └─:=
    │   └─-
    │     └─+
    │       └─-
    │         └─+
    │           └─+
    │             └─-
    │               └─-
    │                 └─b
    ├─ptr
    │ └─:=
    │   └─@
    │     └─a
    └─a
      └─:=
        └─not
          └─b
