 --------------------------------------------- 
 | Position | Type     | Value    | Text     |
 --------------------------------------------- 
 | (2, 4)   | Integer  | 1        | 1        |
 --------------------------------------------- 
 | (3, 4)   | Integer  | 23       | 23       |
 --------------------------------------------- 
 | (3, 8)   | Integer  | 546      | 546      |
 --------------------------------------------- 
 | (4, 5)   | Integer  | 3        | 3        |
 --------------------------------------------- 
