 --------------------------------------------- 
 | Position | Type     | Value    | Text     |
 --------------------------------------------- 
 | (2, 3)   | INTEGER  | 1        | 1        |
 --------------------------------------------- 
 | (3, 3)   | INTEGER  | 23       | 23       |
 --------------------------------------------- 
 | (3, 7)   | INTEGER  | 546      | 546      |
 --------------------------------------------- 
 | (4, 4)   | INTEGER  | 3        | 3        |
 --------------------------------------------- 
