 ----------------------------------------------------------- 
 | Position | Type     | Value           | Text            |
 ----------------------------------------------------------- 
 | (1, 1)   | ID       | test            | test            |
 ----------------------------------------------------------- 
 | (1, 6)   | ID       | ret123          | ret123          |
 ----------------------------------------------------------- 
 | (2, 3)   | ID       | tew123tbbl      | tew123tbbl      |
 ----------------------------------------------------------- 
 | (3, 5)   | ID       | sdfsd123dsfs412 | sdfsd123dsfs412 |
 ----------------------------------------------------------- 
