 ----------------------------------------------------------- 
 | Position | Type     | Value           | Text            |
 ----------------------------------------------------------- 
 | (1, 2)   | Id       | test            | test            |
 ----------------------------------------------------------- 
 | (1, 7)   | Id       | ret123          | ret123          |
 ----------------------------------------------------------- 
 | (2, 4)   | Id       | tew123tbbl      | tew123tbbl      |
 ----------------------------------------------------------- 
 | (3, 5)   | Id       | sdfsd123dsfs412 | sdfsd123dsfs412 |
 ----------------------------------------------------------- 
