 --------------------------------------------- 
 | Position | Type     | Value    | Text     |
 --------------------------------------------- 
 | (1, 2)   | KEY_WORD | if       | if       |
 --------------------------------------------- 
 | (1, 6)   | KEY_WORD | for      | for      |
 --------------------------------------------- 
 | (3, 4)   | KEY_WORD | while    | while    |
 --------------------------------------------- 
 | (4, 5)   | ID       | false1   | false1   |
 --------------------------------------------- 
