 ------------------------------------------------------- 
 | Position | Type     | Value           | Text        |
 ------------------------------------------------------- 
 | (1, 2)   | Real     | 123,05          | 123.05      |
 ------------------------------------------------------- 
 | (2, 2)   | Real     | 1               | 1.          |
 ------------------------------------------------------- 
 | (3, 2)   | Real     | 100000          | 1.e5        |
 ------------------------------------------------------- 
 | (4, 2)   | Real     | 12305000        | 123.05e5    |
 ------------------------------------------------------- 
 | (5, 2)   | Real     | 12300000        | 123e5       |
 ------------------------------------------------------- 
 | (6, 2)   | Real     | 1,23053E-09     | 123.053e-11 |
 ------------------------------------------------------- 
 | (7, 2)   | Real     | 12305300000000  | 123.053e+11 |
 ------------------------------------------------------- 
 | (8, 2)   | Real     | 213000000000000 | 213e+12     |
 ------------------------------------------------------- 
 | (9, 1)   | Real     | 2,13E-10        | 213e-12     |
 ------------------------------------------------------- 
