 -------------------------------------------------------------- 
 | Position | Type                      | Value    | Text     |
 -------------------------------------------------------------- 
 | (1, 4)   | PLUS                      | +        | +        |
 -------------------------------------------------------------- 
 | (1, 5)   | ID                        | a        | a        |
 -------------------------------------------------------------- 
 | (2, 3)   | MINUS                     | -        | -        |
 -------------------------------------------------------------- 
 | (2, 4)   | ID                        | b        | b        |
 -------------------------------------------------------------- 
 | (3, 2)   | INTEGER                   | 6        | 6        |
 -------------------------------------------------------------- 
 | (3, 4)   | MINUS                     | -        | -        |
 -------------------------------------------------------------- 
 | (3, 8)   | ID                        | test     | test     |
 -------------------------------------------------------------- 
 | (4, 2)   | INTEGER                   | 8        | 8        |
 -------------------------------------------------------------- 
 | (4, 3)   | PLUS                      | +        | +        |
 -------------------------------------------------------------- 
 | (4, 4)   | INTEGER                   | 9        | 9        |
 -------------------------------------------------------------- 
 | (4, 5)   | MINUS                     | -        | -        |
 -------------------------------------------------------------- 
 | (4, 6)   | ID                        | ab       | ab       |
 -------------------------------------------------------------- 
 | (4, 8)   | ASTERIX                   | *        | *        |
 -------------------------------------------------------------- 
 | (4, 9)   | ID                        | tr       | tr       |
 -------------------------------------------------------------- 
 | (4, 11)  | FORWARD_SLASH             | /        | /        |
 -------------------------------------------------------------- 
 | (4, 12)  | ID                        | fd       | fd       |
 -------------------------------------------------------------- 
 | (5, 2)   | LBRACKET                  | (        | (        |
 -------------------------------------------------------------- 
 | (5, 3)   | ID                        | a        | a        |
 -------------------------------------------------------------- 
 | (5, 5)   | PLUS                      | +        | +        |
 -------------------------------------------------------------- 
 | (5, 7)   | ID                        | b        | b        |
 -------------------------------------------------------------- 
 | (5, 8)   | RBRACKET                  | )        | )        |
 -------------------------------------------------------------- 
 | (5, 10)  | FORWARD_SLASH             | /        | /        |
 -------------------------------------------------------------- 
 | (5, 12)  | INTEGER                   | 3        | 3        |
 -------------------------------------------------------------- 
 | (5, 14)  | ASTERIX                   | *        | *        |
 -------------------------------------------------------------- 
 | (5, 16)  | ID                        | te       | te       |
 -------------------------------------------------------------- 
 | (6, 1)   | ID                        | a        | a        |
 -------------------------------------------------------------- 
 | (6, 2)   | ADDITION_ASSIGNMENT       | +=       | +=       |
 -------------------------------------------------------------- 
 | (6, 4)   | INTEGER                   | 2        | 2        |
 -------------------------------------------------------------- 
 | (7, 1)   | ID                        | a        | a        |
 -------------------------------------------------------------- 
 | (7, 2)   | SUBSTRACTION_ASSIGNMENT   | -=       | -=       |
 -------------------------------------------------------------- 
 | (7, 4)   | ID                        | b        | b        |
 -------------------------------------------------------------- 
 | (8, 1)   | ID                        | a        | a        |
 -------------------------------------------------------------- 
 | (8, 3)   | FORWARD_SLASH             | /        | /        |
 -------------------------------------------------------------- 
 | (8, 5)   | RELOP_EQ                  | =        | =        |
 -------------------------------------------------------------- 
 | (8, 7)   | INTEGER                   | 2        | 2        |
 -------------------------------------------------------------- 
 | (9, 1)   | ID                        | a        | a        |
 -------------------------------------------------------------- 
 | (9, 3)   | DIVISION_ASSIGNMENT       | /=       | /=       |
 -------------------------------------------------------------- 
 | (9, 6)   | INTEGER                   | 23       | 23       |
 -------------------------------------------------------------- 
 | (10, 1)  | ID                        | b        | b        |
 -------------------------------------------------------------- 
 | (10, 3)  | MULTIPLICATION_ASSIGNMENT | *=       | *=       |
 -------------------------------------------------------------- 
 | (10, 6)  | ID                        | c        | c        |
 -------------------------------------------------------------- 
 | (10, 8)  | PLUS                      | +        | +        |
 -------------------------------------------------------------- 
 | (10, 10) | INTEGER                   | 2        | 2        |
 -------------------------------------------------------------- 
