 ------------------------------------------------------ 
 | Position | Type            | Value     | Text      |
 ------------------------------------------------------ 
 | (1, 1)   | ID              | cd        | cd        |
 ------------------------------------------------------ 
 | (1, 3)   | COLON           | :         | :         |
 ------------------------------------------------------ 
 | (1, 4)   | ID              | a         | a         |
 ------------------------------------------------------ 
 | (1, 6)   | COLON           | :         | :         |
 ------------------------------------------------------ 
 | (1, 7)   | ID              | fd        | fd        |
 ------------------------------------------------------ 
 | (1, 9)   | COLON           | :         | :         |
 ------------------------------------------------------ 
 | (1, 11)  | ID              | f         | f         |
 ------------------------------------------------------ 
 | (1, 12)  | SEMICOLON       | ;         | ;         |
 ------------------------------------------------------ 
 | (1, 13)  | ID              | d         | d         |
 ------------------------------------------------------ 
 | (2, 1)   | ID              | a         | a         |
 ------------------------------------------------------ 
 | (2, 2)   | DOT             | .         | .         |
 ------------------------------------------------------ 
 | (2, 3)   | ID              | b         | b         |
 ------------------------------------------------------ 
 | (2, 5)   | DOT             | .         | .         |
 ------------------------------------------------------ 
 | (2, 7)   | ID              | c         | c         |
 ------------------------------------------------------ 
 | (3, 1)   | ID              | a         | a         |
 ------------------------------------------------------ 
 | (3, 2)   | DOUBLE_DOT      | ..        | ..        |
 ------------------------------------------------------ 
 | (3, 4)   | INTEGER         | 14        | 14        |
 ------------------------------------------------------ 
 | (4, 1)   | ID              | a         | a         |
 ------------------------------------------------------ 
 | (4, 3)   | DOT             | .         | .         |
 ------------------------------------------------------ 
 | (4, 5)   | DOT             | .         | .         |
 ------------------------------------------------------ 
 | (4, 7)   | ID              | b         | b         |
 ------------------------------------------------------ 
 | (5, 1)   | ID              | a         | a         |
 ------------------------------------------------------ 
 | (5, 2)   | COMMA           | ,         | ,         |
 ------------------------------------------------------ 
 | (5, 3)   | ID              | b         | b         |
 ------------------------------------------------------ 
 | (6, 1)   | SEMICOLON       | ;         | ;         |
 ------------------------------------------------------ 
 | (7, 2)   | ID              | a         | a         |
 ------------------------------------------------------ 
 | (7, 4)   | SEMICOLON       | ;         | ;         |
 ------------------------------------------------------ 
 | (8, 1)   | ID              | a         | a         |
 ------------------------------------------------------ 
 | (8, 3)   | COLON           | :         | :         |
 ------------------------------------------------------ 
 | (8, 5)   | KEY_WORD        | array     | array     |
 ------------------------------------------------------ 
 | (8, 11)  | KEY_WORD        | of        | of        |
 ------------------------------------------------------ 
 | (8, 14)  | ID              | integer   | Integer   |
 ------------------------------------------------------ 
 | (8, 21)  | LSQUARE_BRACKET | [         | [         |
 ------------------------------------------------------ 
 | (8, 24)  | INTEGER         | 1         | 1         |
 ------------------------------------------------------ 
 | (8, 23)  | DOUBLE_DOT      | ..        | ..        |
 ------------------------------------------------------ 
 | (8, 25)  | INTEGER         | 5         | 5         |
 ------------------------------------------------------ 
 | (8, 26)  | RSQUARE_BRACKER | ]         | ]         |
 ------------------------------------------------------ 
 | (8, 27)  | SEMICOLON       | ;         | ;         |
 ------------------------------------------------------ 
 | (9, 1)   | KEY_WORD        | procedure | procedure |
 ------------------------------------------------------ 
 | (9, 11)  | ID              | ab        | ab        |
 ------------------------------------------------------ 
 | (9, 13)  | LBRACKET        | (         | (         |
 ------------------------------------------------------ 
 | (9, 14)  | ID              | a         | a         |
 ------------------------------------------------------ 
 | (9, 15)  | COMMA           | ,         | ,         |
 ------------------------------------------------------ 
 | (9, 17)  | ID              | b         | b         |
 ------------------------------------------------------ 
 | (9, 18)  | RBRACKET        | )         | )         |
 ------------------------------------------------------ 
 | (9, 19)  | SEMICOLON       | ;         | ;         |
 ------------------------------------------------------ 
 | (10, 1)  | ID              | a         | a         |
 ------------------------------------------------------ 
 | (10, 3)  | RELOP_EQ        | =         | =         |
 ------------------------------------------------------ 
 | (10, 5)  | ID              | struct    | struct    |
 ------------------------------------------------------ 
 | (10, 11) | DOT             | .         | .         |
 ------------------------------------------------------ 
 | (10, 12) | ID              | val       | val       |
 ------------------------------------------------------ 
 | (10, 15) | SEMICOLON       | ;         | ;         |
 ------------------------------------------------------ 
