 ---------------------------------------------- 
 | Position | Type      | Value    | Text     |
 ---------------------------------------------- 
 | (1, 1)   | ID        | ar       | ar       |
 ---------------------------------------------- 
 | (1, 3)   | COLON     | :        | :        |
 ---------------------------------------------- 
 | (1, 5)   | KEY_WORD  | array    | ArRaY    |
 ---------------------------------------------- 
 | (1, 11)  | KEY_WORD  | of       | OF       |
 ---------------------------------------------- 
 | (1, 14)  | ID        | integer  | Integer  |
 ---------------------------------------------- 
 | (1, 21)  | SEMICOLON | ;        | ;        |
 ---------------------------------------------- 
