 ----------------------------------------------- 
 | Position | Type       | Value    | Text     |
 ----------------------------------------------- 
 | (1, 1)   | ID         | adf      | adf      |
 ----------------------------------------------- 
 | (1, 4)   | BITWISE_SL | <<       | <<       |
 ----------------------------------------------- 
 | (1, 6)   | INTEGER    | 2        | 2        |
 ----------------------------------------------- 
 | (2, 1)   | ID         | fsd      | fsd      |
 ----------------------------------------------- 
 | (2, 5)   | BITWISE_SR | >>       | >>       |
 ----------------------------------------------- 
 | (2, 8)   | INTEGER    | 3        | 3        |
 ----------------------------------------------- 
 | (3, 1)   | INTEGER    | 53       | 53       |
 ----------------------------------------------- 
 | (3, 4)   | RELOP_LT   | <        | <        |
 ----------------------------------------------- 
 | (3, 6)   | RELOP_LT   | <        | <        |
 ----------------------------------------------- 
 | (3, 8)   | INTEGER    | 43       | 43       |
 ----------------------------------------------- 
