 ------------------------------------------------- 
 | Position | Type         | Value    | Text     |
 ------------------------------------------------- 
 | (1, 1)   | ID           | left     | left     |
 ------------------------------------------------- 
 | (1, 6)   | SETOP_SYDIFF | ><       | ><       |
 ------------------------------------------------- 
 | (1, 9)   | ID           | right    | right    |
 ------------------------------------------------- 
 | (2, 1)   | ID           | ptr      | ptr      |
 ------------------------------------------------- 
 | (2, 5)   | ASSIGNMENT   | :=       | :=       |
 ------------------------------------------------- 
 | (2, 8)   | POINTER      | ^        | ^        |
 ------------------------------------------------- 
 | (2, 9)   | ID           | asdf     | asdf     |
 ------------------------------------------------- 
 | (2, 13)  | SEMICOLON    | ;        | ;        |
 ------------------------------------------------- 
 | (3, 1)   | ID           | adr      | adr      |
 ------------------------------------------------- 
 | (3, 5)   | ASSIGNMENT   | :=       | :=       |
 ------------------------------------------------- 
 | (3, 8)   | ADDRESS      | @        | @        |
 ------------------------------------------------- 
 | (3, 9)   | ID           | test     | test     |
 ------------------------------------------------- 
 | (3, 13)  | SEMICOLON    | ;        | ;        |
 ------------------------------------------------- 
