 ------------------------------------------------ 
 | Position | Type        | Value    | Text     |
 ------------------------------------------------ 
 | (1, 1)   | INTEGER     | 1267     | $4f3     |
 ------------------------------------------------ 
 | (1, 6)   | RELOP_EQ    | =        | =        |
 ------------------------------------------------ 
 | (1, 8)   | INTEGER     | 1267     | 1267     |
 ------------------------------------------------ 
 | (2, 1)   | INTEGER     | 2639     | $a4f     |
 ------------------------------------------------ 
 | (2, 6)   | RELOP_EQ    | =        | =        |
 ------------------------------------------------ 
 | (2, 8)   | INTEGER     | 2639     | 2639     |
 ------------------------------------------------ 
 | (3, 1)   | INTEGER     | 3        | &03      |
 ------------------------------------------------ 
 | (3, 5)   | RELOP_EQ    | =        | =        |
 ------------------------------------------------ 
 | (3, 7)   | INTEGER     | 3        | 3        |
 ------------------------------------------------ 
 | (4, 1)   | INTEGER     | 39       | &47      |
 ------------------------------------------------ 
 | (4, 5)   | RELOP_EQ    | =        | =        |
 ------------------------------------------------ 
 | (4, 7)   | INTEGER     | 39       | 39       |
 ------------------------------------------------ 
 | (5, 1)   | INTEGER     | 1        | %001     |
 ------------------------------------------------ 
 | (5, 6)   | RELOP_EQ    | =        | =        |
 ------------------------------------------------ 
 | (5, 8)   | INTEGER     | 1        | 1        |
 ------------------------------------------------ 
 | (6, 1)   | INTEGER     | 4        | %100     |
 ------------------------------------------------ 
 | (6, 6)   | RELOP_EQ    | =        | =        |
 ------------------------------------------------ 
 | (6, 8)   | INTEGER     | 4        | 4        |
 ------------------------------------------------ 
 | (7, 1)   | INTEGER     | 5        | %101     |
 ------------------------------------------------ 
 | (7, 6)   | RELOP_EQ    | =        | =        |
 ------------------------------------------------ 
 | (7, 8)   | INTEGER     | 5        | 5        |
 ------------------------------------------------ 
 | (8, 1)   | CHAR_NUMBER | #32      | #32      |
 ------------------------------------------------ 
 | (9, 1)   | CHAR_NUMBER | #01      | #01      |
 ------------------------------------------------ 
