 ----------------------------------------------- 
 | Position | Type       | Value    | Text     |
 ----------------------------------------------- 
 | (3, 6)   | ID         | a        | a        |
 ----------------------------------------------- 
 | (3, 7)   | ASSIGNMENT | :=       | :=       |
 ----------------------------------------------- 
 | (3, 9)   | ID         | b        | b        |
 ----------------------------------------------- 
 | (3, 10)  | PLUS       | +        | +        |
 ----------------------------------------------- 
 | (3, 11)  | INTEGER    | 5        | 5        |
 ----------------------------------------------- 
 | (3, 12)  | SEMICOLON  | ;        | ;        |
 ----------------------------------------------- 
