 --------------------------------------------- 
 | Position | Type     | Value    | Text     |
 --------------------------------------------- 
 | (1, 1)   | ID       | a        | a        |
 --------------------------------------------- 
 | (1, 3)   | ERROR    | {        | {        |
 --------------------------------------------- 
