 ------------------------------------------------- 
 | Position | Type       | Value     | Text      |
 ------------------------------------------------- 
 | (1, 1)   | KEY_WORD   | procedure | procedure |
 ------------------------------------------------- 
 | (1, 11)  | ID         | hey       | hey       |
 ------------------------------------------------- 
 | (1, 14)  | LBRACKET   | (         | (         |
 ------------------------------------------------- 
 | (1, 15)  | ID         | x         | x         |
 ------------------------------------------------- 
 | (1, 16)  | COLON      | :         | :         |
 ------------------------------------------------- 
 | (1, 18)  | ID         | integer   | Integer   |
 ------------------------------------------------- 
 | (1, 25)  | RBRACKET   | )         | )         |
 ------------------------------------------------- 
 | (1, 26)  | SEMICOLON  | ;         | ;         |
 ------------------------------------------------- 
 | (2, 1)   | KEY_WORD   | var       | var       |
 ------------------------------------------------- 
 | (3, 3)   | ID         | ans       | ans       |
 ------------------------------------------------- 
 | (3, 6)   | COLON      | :         | :         |
 ------------------------------------------------- 
 | (3, 8)   | ID         | real      | Real      |
 ------------------------------------------------- 
 | (3, 12)  | SEMICOLON  | ;         | ;         |
 ------------------------------------------------- 
 | (4, 1)   | KEY_WORD   | begin     | begin     |
 ------------------------------------------------- 
 | (5, 3)   | ID         | writeln   | WriteLn   |
 ------------------------------------------------- 
 | (5, 10)  | LBRACKET   | (         | (         |
 ------------------------------------------------- 
 | (5, 11)  | STRING     | Hello     | 'Hello'   |
 ------------------------------------------------- 
 | (5, 19)  | PLUS       | +         | +         |
 ------------------------------------------------- 
 | (5, 21)  | ID         | chr       | chr       |
 ------------------------------------------------- 
 | (5, 24)  | LBRACKET   | (         | (         |
 ------------------------------------------------- 
 | (5, 25)  | ID         | x         | x         |
 ------------------------------------------------- 
 | (5, 26)  | RBRACKET   | )         | )         |
 ------------------------------------------------- 
 | (5, 27)  | RBRACKET   | )         | )         |
 ------------------------------------------------- 
 | (5, 28)  | SEMICOLON  | ;         | ;         |
 ------------------------------------------------- 
 | (6, 1)   | KEY_WORD   | end       | end       |
 ------------------------------------------------- 
 | (6, 4)   | SEMICOLON  | ;         | ;         |
 ------------------------------------------------- 
 | (8, 1)   | KEY_WORD   | var       | var       |
 ------------------------------------------------- 
 | (9, 3)   | ID         | x         | x         |
 ------------------------------------------------- 
 | (9, 4)   | COMMA      | ,         | ,         |
 ------------------------------------------------- 
 | (9, 6)   | ID         | y         | y         |
 ------------------------------------------------- 
 | (9, 7)   | COLON      | :         | :         |
 ------------------------------------------------- 
 | (9, 9)   | ID         | real      | Real      |
 ------------------------------------------------- 
 | (9, 13)  | SEMICOLON  | ;         | ;         |
 ------------------------------------------------- 
 | (10, 3)  | ID         | ans       | ans       |
 ------------------------------------------------- 
 | (10, 6)  | COLON      | :         | :         |
 ------------------------------------------------- 
 | (10, 8)  | ID         | real      | Real      |
 ------------------------------------------------- 
 | (10, 12) | SEMICOLON  | ;         | ;         |
 ------------------------------------------------- 
 | (11, 1)  | KEY_WORD   | begin     | begin     |
 ------------------------------------------------- 
 | (12, 3)  | ID         | x         | x         |
 ------------------------------------------------- 
 | (12, 5)  | ASSIGNMENT | :=        | :=        |
 ------------------------------------------------- 
 | (12, 8)  | INTEGER    | 2         | 2         |
 ------------------------------------------------- 
 | (12, 9)  | SEMICOLON  | ;         | ;         |
 ------------------------------------------------- 
 | (13, 3)  | ID         | y         | y         |
 ------------------------------------------------- 
 | (13, 5)  | ASSIGNMENT | :=        | :=        |
 ------------------------------------------------- 
 | (13, 8)  | INTEGER    | 0         | 0         |
 ------------------------------------------------- 
 | (13, 9)  | SEMICOLON  | ;         | ;         |
 ------------------------------------------------- 
 | (14, 3)  | ID         | ans       | ans       |
 ------------------------------------------------- 
 | (14, 7)  | ASSIGNMENT | :=        | :=        |
 ------------------------------------------------- 
 | (14, 10) | ID         | x         | x         |
 ------------------------------------------------- 
 | (14, 12) | PLUS       | +         | +         |
 ------------------------------------------------- 
 | (14, 14) | ID         | y         | y         |
 ------------------------------------------------- 
 | (14, 15) | SEMICOLON  | ;         | ;         |
 ------------------------------------------------- 
 | (15, 3)  | ID         | hey       | hey       |
 ------------------------------------------------- 
 | (15, 6)  | LBRACKET   | (         | (         |
 ------------------------------------------------- 
 | (15, 7)  | INTEGER    | 41        | 41        |
 ------------------------------------------------- 
 | (15, 9)  | RBRACKET   | )         | )         |
 ------------------------------------------------- 
 | (15, 10) | SEMICOLON  | ;         | ;         |
 ------------------------------------------------- 
 | (16, 3)  | ID         | writeln   | WriteLn   |
 ------------------------------------------------- 
 | (16, 10) | LBRACKET   | (         | (         |
 ------------------------------------------------- 
 | (16, 11) | ID         | ans       | ans       |
 ------------------------------------------------- 
 | (16, 14) | RBRACKET   | )         | )         |
 ------------------------------------------------- 
 | (16, 15) | SEMICOLON  | ;         | ;         |
 ------------------------------------------------- 
 | (17, 3)  | ID         | read      | Read      |
 ------------------------------------------------- 
 | (17, 7)  | LBRACKET   | (         | (         |
 ------------------------------------------------- 
 | (17, 8)  | ID         | x         | x         |
 ------------------------------------------------- 
 | (17, 9)  | RBRACKET   | )         | )         |
 ------------------------------------------------- 
 | (17, 10) | SEMICOLON  | ;         | ;         |
 ------------------------------------------------- 
 | (18, 1)  | KEY_WORD   | end       | end       |
 ------------------------------------------------- 
 | (18, 4)  | DOT        | .         | .         |
 ------------------------------------------------- 
