 ------------------------------------------------- 
 | Position | Type       | Value     | Text      |
 ------------------------------------------------- 
 | (1, 1)   | KEY_WORD   | program   | program   |
 ------------------------------------------------- 
 | (1, 9)   | ID         | hello     | hello     |
 ------------------------------------------------- 
 | (2, -1)  | SEMICOLON  | ;         | ;         |
 ------------------------------------------------- 
 | (4, 1)   | KEY_WORD   | procedure | procedure |
 ------------------------------------------------- 
 | (4, 11)  | ID         | hey       | hey       |
 ------------------------------------------------- 
 | (4, 14)  | LBRACKET   | (         | (         |
 ------------------------------------------------- 
 | (4, 15)  | ID         | x         | x         |
 ------------------------------------------------- 
 | (4, 16)  | COLON      | :         | :         |
 ------------------------------------------------- 
 | (4, 18)  | ID         | integer   | Integer   |
 ------------------------------------------------- 
 | (4, 25)  | RBRACKET   | )         | )         |
 ------------------------------------------------- 
 | (5, -1)  | SEMICOLON  | ;         | ;         |
 ------------------------------------------------- 
 | (7, -3)  | KEY_WORD   | var       | var       |
 ------------------------------------------------- 
 | (8, 3)   | ID         | ans       | ans       |
 ------------------------------------------------- 
 | (8, 6)   | COLON      | :         | :         |
 ------------------------------------------------- 
 | (8, 8)   | ID         | real      | Real      |
 ------------------------------------------------- 
 | (9, -1)  | SEMICOLON  | ;         | ;         |
 ------------------------------------------------- 
 | (11, -5) | KEY_WORD   | begin     | begin     |
 ------------------------------------------------- 
 | (12, 3)  | ID         | writeln   | WriteLn   |
 ------------------------------------------------- 
 | (12, 10) | LBRACKET   | (         | (         |
 ------------------------------------------------- 
 | (12, 11) | STRING     | Hello     | 'Hello'   |
 ------------------------------------------------- 
 | (12, 19) | PLUS       | +         | +         |
 ------------------------------------------------- 
 | (12, 21) | ID         | chr       | chr       |
 ------------------------------------------------- 
 | (12, 24) | LBRACKET   | (         | (         |
 ------------------------------------------------- 
 | (12, 25) | ID         | x         | x         |
 ------------------------------------------------- 
 | (12, 26) | RBRACKET   | )         | )         |
 ------------------------------------------------- 
 | (12, 27) | RBRACKET   | )         | )         |
 ------------------------------------------------- 
 | (13, -1) | SEMICOLON  | ;         | ;         |
 ------------------------------------------------- 
 | (14, 1)  | KEY_WORD   | end       | end       |
 ------------------------------------------------- 
 | (15, -1) | SEMICOLON  | ;         | ;         |
 ------------------------------------------------- 
 | (18, -3) | KEY_WORD   | var       | var       |
 ------------------------------------------------- 
 | (19, 3)  | ID         | x         | x         |
 ------------------------------------------------- 
 | (19, 4)  | COMMA      | ,         | ,         |
 ------------------------------------------------- 
 | (19, 6)  | ID         | y         | y         |
 ------------------------------------------------- 
 | (19, 7)  | COLON      | :         | :         |
 ------------------------------------------------- 
 | (19, 9)  | ID         | real      | Real      |
 ------------------------------------------------- 
 | (20, -1) | SEMICOLON  | ;         | ;         |
 ------------------------------------------------- 
 | (21, 3)  | ID         | ans       | ans       |
 ------------------------------------------------- 
 | (21, 6)  | COLON      | :         | :         |
 ------------------------------------------------- 
 | (21, 8)  | ID         | real      | Real      |
 ------------------------------------------------- 
 | (22, -1) | SEMICOLON  | ;         | ;         |
 ------------------------------------------------- 
 | (24, -5) | KEY_WORD   | begin     | begin     |
 ------------------------------------------------- 
 | (25, 3)  | ID         | x         | x         |
 ------------------------------------------------- 
 | (25, 5)  | ASSIGNMENT | :=        | :=        |
 ------------------------------------------------- 
 | (25, 8)  | INTEGER    | 2         | 2         |
 ------------------------------------------------- 
 | (26, -1) | SEMICOLON  | ;         | ;         |
 ------------------------------------------------- 
 | (27, 3)  | ID         | y         | y         |
 ------------------------------------------------- 
 | (27, 5)  | ASSIGNMENT | :=        | :=        |
 ------------------------------------------------- 
 | (27, 8)  | INTEGER    | 0         | 0         |
 ------------------------------------------------- 
 | (28, -1) | SEMICOLON  | ;         | ;         |
 ------------------------------------------------- 
 | (29, 3)  | ID         | ans       | ans       |
 ------------------------------------------------- 
 | (29, 7)  | ASSIGNMENT | :=        | :=        |
 ------------------------------------------------- 
 | (29, 10) | ID         | x         | x         |
 ------------------------------------------------- 
 | (29, 12) | PLUS       | +         | +         |
 ------------------------------------------------- 
 | (29, 14) | ID         | y         | y         |
 ------------------------------------------------- 
 | (30, -1) | SEMICOLON  | ;         | ;         |
 ------------------------------------------------- 
 | (31, 3)  | ID         | hey       | hey       |
 ------------------------------------------------- 
 | (31, 6)  | LBRACKET   | (         | (         |
 ------------------------------------------------- 
 | (31, 7)  | INTEGER    | 41        | 41        |
 ------------------------------------------------- 
 | (31, 9)  | RBRACKET   | )         | )         |
 ------------------------------------------------- 
 | (32, -1) | SEMICOLON  | ;         | ;         |
 ------------------------------------------------- 
 | (33, 3)  | ID         | writeln   | WriteLn   |
 ------------------------------------------------- 
 | (33, 10) | LBRACKET   | (         | (         |
 ------------------------------------------------- 
 | (33, 11) | ID         | ans       | ans       |
 ------------------------------------------------- 
 | (33, 14) | RBRACKET   | )         | )         |
 ------------------------------------------------- 
 | (34, -1) | SEMICOLON  | ;         | ;         |
 ------------------------------------------------- 
 | (35, 3)  | ID         | read      | Read      |
 ------------------------------------------------- 
 | (35, 7)  | LBRACKET   | (         | (         |
 ------------------------------------------------- 
 | (35, 8)  | ID         | x         | x         |
 ------------------------------------------------- 
 | (35, 9)  | RBRACKET   | )         | )         |
 ------------------------------------------------- 
 | (36, -1) | SEMICOLON  | ;         | ;         |
 ------------------------------------------------- 
 | (37, 1)  | KEY_WORD   | end       | end       |
 ------------------------------------------------- 
 | (37, 4)  | DOT        | .         | .         |
 ------------------------------------------------- 
