└─Program hello
  ├─Declaration var
  │ ├─a
  │ │ └─integer
  │ ├─b
  │ │ └─integer
  │ ├─c
  │ │ └─integer
  │ ├─v
  │ │ └─integer
  │ └─ans
  │   └─integer
  └─Block begin
    └─ans
      └─:=
        └─*
          ├─*
          │ ├─c
          │ └─*
          │   ├─a
          │   └─b
          └─v
