└─Program hello
  ├─Declaration var
  │ ├─a
  │ │ └─integer
  │ ├─b
  │ │ └─integer
  │ ├─c
  │ │ └─integer
  │ └─ans
  │   └─integer
  └─Block begin
    └─ans
      └─:=
        └─-
          ├─+
          │ ├─*
          │ │ ├─a
          │ │ └─+
          │ │   ├─a
          │ │   └─b
          │ └─c
          └─3
