└─Program hello
  ├─Declaration var
  │ ├─a
  │ │ └─integer
  │ ├─b
  │ │ └─integer
  │ ├─c
  │ │ └─real
  │ ├─arr1
  │ │ └─Array of
  │ │   ├─1
  │ │   ├─5
  │ │   └─Array of
  │ │     ├─1
  │ │     ├─5
  │ │     └─integer
  │ └─arr2
  │   └─Array of
  │     ├─1
  │     ├─5
  │     └─Array of
  │       ├─1
  │       ├─5
  │       └─integer
  ├─Declaration var
  │ └─new
  │   └─integer
  └─Block begin
