├─Program hello
│ ├─Declaration var
│ │ ├─a
│ │ │ ├─integer
│ │ ├─b
│ │ │ ├─integer
│ ├─Block begin
│ │ ├─a
│ │ │ ├─:=
│ │ │ │ ├─+
│ │ │ │ │ ├─b
│ │ │ │ │ └─5
│ │ ├─a
│ │ │ ├─+=
│ │ │ │ ├─4
│ │ ├─b
│ │ │ ├─-=
│ │ │ │ ├─100
│ │ ├─a
│ │ │ ├─*=
│ │ │ │ ├─-
│ │ │ │ │ ├─*
│ │ │ │ │ │ ├─b
│ │ │ │ │ │ └─2
│ │ │ │ │ └─1
│ │ ├─a
│ │ │ ├─/=
│ │ │ │ ├─1
