└─Program hello
  ├─Declaration var
  │ ├─a
  │ │ └─integer
  │ ├─b
  │ │ └─integer
  │ └─ans
  │   └─integer
  └─Block begin
    ├─Call function writeln
    │ └─a
    ├─Call function sumfunc
    │ ├─a
    │ └─b
    └─Call function manyargsfunc
      ├─a
      ├─b
      ├─/
      │ ├─*
      │ │ ├─5
      │ │ └─1
      │ └─2
      └─+
        ├─10
        └─2
