└─Program hello
  ├─Function getsum
  │ ├─Block begin
  │ ├─Args of getsum
  │ │ ├─a
  │ │ │ └─real
  │ │ └─b
  │ │   └─real
  │ └─Return type getsum
  │   └─real
  ├─Declaration var
  │ ├─a
  │ │ └─real
  │ └─b
  │   └─real
  └─Block begin
    ├─a
    │ └─*=
    │   └─-
    │     ├─Call function getsum
    │     │ ├─a
    │     │ └─b
    │     └─/
    │       ├─*
    │       │ ├─2
    │       │ └─5
    │       └─100
    └─a
      └─:=
        └─Call function getsum
          ├─2
          └─3
