└─Program hello
  ├─Function ptrfunc
  │ ├─Block begin
  │ ├─Args of ptrfunc
  │ └─Return type ptrfunc
  │   └─integer
  ├─Declaration var
  │ ├─ptri
  │ │ └─^
  │ │   └─integer
  │ ├─int
  │ │ └─integer
  │ ├─arr
  │ │ └─Array of
  │ │   ├─1
  │ │   ├─2
  │ │   └─integer
  │ └─ptrarr
  │   └─Array of
  │     ├─1
  │     ├─3
  │     └─^
  │       └─real
  └─Block begin
    ├─ptri
    │ └─^
    │   └─:=
    │     └─222
    ├─ptri
    │ └─^
    │   └─:=
    │     └─Call function ptrfunc
    └─ptri
      └─:=
        └─+
          ├─@
          │ └─int
          └─2
