└─Program hello
  ├─Declaration type
  │ └─intarr
  │   └─Array of
  │     ├─1
  │     ├─100
  │     └─integer
  ├─Function getarr
  │ ├─Block begin
  │ ├─Args of getarr
  │ │ ├─a
  │ │ │ └─integer
  │ │ └─b
  │ │   └─integer
  │ └─Return type getarr
  │   └─intarr
  ├─Declaration var
  │ ├─arr
  │ │ └─Array of
  │ │   ├─1
  │ │   ├─3
  │ │   └─Array of
  │ │     ├─1
  │ │     ├─3
  │ │     └─Array of
  │ │       ├─1
  │ │       ├─3
  │ │       └─integer
  │ ├─int
  │ │ └─integer
  │ └─i
  │   └─integer
  └─Block begin
    ├─int
    │ └─:=
    │   └─arr
    │     └─[ Index ]
    │       ├─1
    │       ├─+
    │       │ ├─i
    │       │ └─2
    │       └─-
    │         ├─*
    │         │ ├─2
    │         │ └─3
    │         └─i
    └─int
      └─:=
        └─Call function getarr
          ├─0
          ├─1
          └─[ Index ]
            └─*
              ├─i
              └─2
