└─Program hello
  ├─Declaration var
  │ ├─arr
  │ │ └─Array [1..3] of
  │ │   └─Array [1..3] of
  │ │     └─Array [1..3] of
  │ │       └─integer
  │ └─int
  │   └─integer
  └─Block begin
    ├─int
    │ └─:=
    │   └─Call function getfuncgetarr
    │     └─Call function getfuncgetarr
    │       └─[ Index ]
    │         └─0
    └─int
      └─:=
        └─Call function getfuncgetarr
          ├─i
          └─Call function getfuncgetarr
            ├─j
            ├─k
            ├─+
            │ ├─5
            │ └─1
            └─[ Index ]
              ├─/
              │ ├─*
              │ │ ├─l
              │ │ └─2
              │ └─1
              └─0
