└─Program hello
  ├─Declaration type
  │ ├─intarr
  │ │ └─Array of
  │ │   ├─1
  │ │   ├─100
  │ │   └─integer
  │ ├─intarrfunc
  │ │ └─function
  │ │   ├─Args of function
  │ │   └─Return type function
  │ │     └─intarr
  │ └─simpleproc
  │   └─procedure
  │     └─Args of procedure
  ├─Function getfuncgetarr
  │ ├─Block begin
  │ ├─Args of getfuncgetarr
  │ └─Return type getfuncgetarr
  │   └─intarrfunc
  ├─Declaration var
  │ ├─int
  │ │ └─integer
  │ └─l
  │   └─integer
  └─Block begin
    ├─int
    │ └─:=
    │   └─Call function getfuncgetarr
    │     └─Call function getfuncgetarr
    │       └─[ Index ]
    │         └─0
    └─int
      └─:=
        └─Call function getfuncgetarr
          └─Call function getfuncgetarr
            └─[ Index ]
              └─*
                ├─l
                └─2
