└─Program hello
  ├─Declaration type
  │ ├─tint
  │ │ └─integer
  │ ├─tintarr
  │ │ └─Array of
  │ │   ├─1
  │ │   ├─5
  │ │   └─integer
  │ ├─Record trec
  │ │ ├─x
  │ │ │ └─real
  │ │ ├─y
  │ │ │ └─real
  │ │ └─arr
  │ │   └─Array of
  │ │     ├─1
  │ │     ├─2
  │ │     └─tint
  │ ├─Record trec2
  │ │ └─matrix
  │ │   └─Array of
  │ │     ├─1
  │ │     ├─2
  │ │     └─Array of
  │ │       ├─1
  │ │       ├─2
  │ │       └─tint
  │ └─tmatrix
  │   └─Array of
  │     ├─1
  │     ├─2
  │     └─tintarr
  └─Block begin
