└─Program hello
  ├─Declaration const
  │ ├─a
  │ │ └─5
  │ ├─b
  │ │ └─hello
  │ └─c
  │   └─+
  │     ├─a
  │     └─10
  ├─Declaration type
  │ ├─tint
  │ │ └─integer
  │ ├─tintarr
  │ │ └─Array of
  │ │   ├─1
  │ │   ├─5
  │ │   └─integer
  │ ├─Record trec
  │ │ ├─x
  │ │ │ └─real
  │ │ ├─y
  │ │ │ └─real
  │ │ └─arr
  │ │   └─Array of
  │ │     ├─1
  │ │     ├─2
  │ │     └─tint
  │ ├─Record trec2
  │ │ └─matrix
  │ │   └─Array of
  │ │     ├─1
  │ │     ├─2
  │ │     └─Array of
  │ │       ├─1
  │ │       ├─2
  │ │       └─tint
  │ └─tmatrix
  │   └─Array of
  │     ├─1
  │     ├─2
  │     └─tintarr
  ├─Declaration var
  │ ├─d
  │ │ └─integer
  │ ├─e
  │ │ └─integer
  │ ├─f
  │ │ └─real
  │ ├─arr1
  │ │ └─Array of
  │ │   ├─1
  │ │   ├─5
  │ │   └─Array of
  │ │     ├─1
  │ │     ├─5
  │ │     └─integer
  │ └─arr2
  │   └─Array of
  │     ├─1
  │     ├─5
  │     └─Array of
  │       ├─1
  │       ├─5
  │       └─integer
  ├─Declaration type
  │ └─tint2
  │   └─integer
  ├─Declaration const
  │ └─test
  │   └─5
  ├─Declaration var
  │ └─testvar
  │   └─tint2
  └─Block begin
