└─Program hello
  ├─Declaration var
  │ ├─ans
  │ │ └─integer
  │ ├─test
  │ │ └─integer
  │ └─test2
  │   └─integer
  └─Block begin
    ├─ans
    │ └─:=
    │   └─-
    │     ├─+
    │     │ ├─*
    │     │ │ ├─+
    │     │ │ │ └─+
    │     │ │ │   └─+
    │     │ │ │     └─-
    │     │ │ │       └─+
    │     │ │ │         └─-
    │     │ │ │           └─+
    │     │ │ │             └─+
    │     │ │ │               └─-
    │     │ │ │                 └─-
    │     │ │ │                   └─2
    │     │ │ └─+
    │     │ │   └─-
    │     │ │     └─5
    │     │ └─10
    │     └─-
    │       └─2
    └─ans
      └─:=
        └─-
          ├─+
          │ ├─@
          │ │ └─test
          │ └─*
          │   ├─2
          │   └─3
          └─@
            └─test2
