└─Program hello
  └─Block begin
    ├─ans
    │ └─:=
    │   └─and
    │     ├─a
    │     └─b
    ├─ans
    │ └─:=
    │   └─or
    │     ├─a
    │     └─b
    ├─ans
    │ └─:=
    │   └─or
    │     ├─and
    │     │ ├─a
    │     │ └─b
    │     └─and
    │       ├─b
    │       └─c
    ├─ans
    │ └─:=
    │   └─or
    │     ├─and
    │     │ ├─>
    │     │ │ ├─+
    │     │ │ │ ├─a
    │     │ │ │ └─b
    │     │ │ └─10
    │     │ └─<
    │     │   ├─+
    │     │   │ ├─a
    │     │   │ └─b
    │     │   └─20
    │     └─=
    │       ├─c
    │       └─0
    ├─ans
    │ └─:=
    │   └─and
    │     ├─not
    │     │ └─a
    │     └─b
    └─ans
      └─:=
        └─not
          └─and
            ├─a
            └─b
