└─Program hello
  ├─Declaration var
  │ ├─ans
  │ │ └─integer
  │ ├─a
  │ │ └─integer
  │ └─b
  │   └─integer
  └─Block begin
    ├─ans
    │ └─:=
    │   └─+
    │     ├─mod
    │     │ ├─a
    │     │ └─2
    │     └─div
    │       ├─b
    │       └─2
    ├─ans
    │ └─:=
    │   └─shl
    │     ├─a
    │     └─2
    ├─ans
    │ └─:=
    │   └─<<
    │     ├─a
    │     └─2
    ├─ans
    │ └─:=
    │   └─shr
    │     ├─a
    │     └─2
    └─ans
      └─:=
        └─>>
          ├─a
          └─2
