└─Program hello
  ├─Function sum
  │ ├─Declaration const
  │ │ └─test
  │ │   └─5
  │ ├─Declaration var
  │ │ └─test2
  │ │   └─real
  │ ├─Declaration const
  │ │ └─realconst
  │ │   └─5,5
  │ ├─Declaration type
  │ │ └─tarrint
  │ │   └─Array of
  │ │     ├─1
  │ │     ├─2
  │ │     └─integer
  │ ├─Declaration var
  │ │ └─intarr
  │ │   └─tarrint
  │ ├─Block begin
  │ │ ├─Call function writeln
  │ │ │ └─test
  │ │ └─intarr
  │ │   └─:=
  │ │     └─arr
  │ ├─Args of sum
  │ │ ├─a
  │ │ │ └─integer
  │ │ ├─b
  │ │ │ └─integer
  │ │ ├─c
  │ │ │ └─real
  │ │ └─arr
  │ │   └─Array of
  │ │     ├─1
  │ │     ├─2
  │ │     └─integer
  │ └─Return type sum
  │   └─Array of
  │     ├─1
  │     ├─2
  │     └─integer
  ├─Declaration var
  │ └─mainvar
  │   └─integer
  └─Block begin
    └─Call function sum
      ├─1
      ├─2
      ├─5
      └─arr
