└─Program hello
  ├─Declaration var
  │ └─ans
  │   └─integer
  └─Block begin
    └─repeat
      ├─Condition of repeat
      │ └─=
      │   ├─5
      │   └─5
      └─Block repeat
        ├─ans
        │ └─:=
        │   └─5
        └─while
          ├─Condition of while
          │ └─<
          │   ├─ans
          │   └─10
          └─Block begin
            └─ans
              └─+=
                └─1
