└─Program test
  ├─Declaration type
  │ ├─Record tsmallrec
  │ │ └─b
  │ │   └─integer
  │ └─Record tparentrec
  │   └─a
  │     └─tsmallrec
  ├─Function getrec
  │ ├─Block begin
  │ ├─Args of getrec
  │ └─Return type getrec
  │   └─tsmallrec
  ├─Declaration var
  │ ├─rec
  │ │ └─tparentrec
  │ ├─a
  │ │ └─integer
  │ └─b
  │   └─integer
  └─Block begin
    ├─a
    │ └─:=
    │   └─rec
    │     └─.
    │       └─a
    │         └─.
    │           └─b
    └─b
      └─:=
        └─Call function getrec
          └─)
            └─.
              └─b
